  Determining projects to restore...
  All projects are up-to-date for restore.
C:\Users\HP\Desktop\DigitalErp\backend\Interfaces\IRemainingRepositories.cs(11,22): error CS0246: The type or namespace name 'LookupDto' could not be found (are you missing a using directive or an assembly reference?) [C:\Users\HP\Desktop\DigitalErp\backend\DigitalErp.Api.csproj]
C:\Users\HP\Desktop\DigitalErp\backend\Interfaces\IRemainingRepositories.cs(29,22): error CS0246: The type or namespace name 'LookupDto' could not be found (are you missing a using directive or an assembly reference?) [C:\Users\HP\Desktop\DigitalErp\backend\DigitalErp.Api.csproj]
C:\Users\HP\Desktop\DigitalErp\backend\Interfaces\IRemainingRepositories.cs(46,22): error CS0246: The type or namespace name 'LookupDto' could not be found (are you missing a using directive or an assembly reference?) [C:\Users\HP\Desktop\DigitalErp\backend\DigitalErp.Api.csproj]
C:\Users\HP\Desktop\DigitalErp\backend\Repositories\InventoryRepository.cs(76,35): error CS0246: The type or namespace name 'LookupDto' could not be found (are you missing a using directive or an assembly reference?) [C:\Users\HP\Desktop\DigitalErp\backend\DigitalErp.Api.csproj]
C:\Users\HP\Desktop\DigitalErp\backend\Repositories\InventoryRepository.cs(8,36): error CS0738: 'InventoryRepository' does not implement interface member 'IInventoryRepository.GetLookupAsync()'. 'InventoryRepository.GetLookupAsync()' cannot implement 'IInventoryRepository.GetLookupAsync()' because it does not have the matching return type of 'Task<IEnumerable<LookupDto>>'. [C:\Users\HP\Desktop\DigitalErp\backend\DigitalErp.Api.csproj]
C:\Users\HP\Desktop\DigitalErp\backend\Interfaces\IRemainingRepositories.cs(52,22): error CS0246: The type or namespace name 'LookupDto' could not be found (are you missing a using directive or an assembly reference?) [C:\Users\HP\Desktop\DigitalErp\backend\DigitalErp.Api.csproj]
C:\Users\HP\Desktop\DigitalErp\backend\Repositories\MachineRepository.cs(41,35): error CS0246: The type or namespace name 'LookupDto' could not be found (are you missing a using directive or an assembly reference?) [C:\Users\HP\Desktop\DigitalErp\backend\DigitalErp.Api.csproj]
C:\Users\HP\Desktop\DigitalErp\backend\Repositories\OutsourceRepository.cs(49,35): error CS0246: The type or namespace name 'LookupDto' could not be found (are you missing a using directive or an assembly reference?) [C:\Users\HP\Desktop\DigitalErp\backend\DigitalErp.Api.csproj]
C:\Users\HP\Desktop\DigitalErp\backend\Repositories\ManagementRepository.cs(113,35): error CS0246: The type or namespace name 'LookupDto' could not be found (are you missing a using directive or an assembly reference?) [C:\Users\HP\Desktop\DigitalErp\backend\DigitalErp.Api.csproj]
C:\Users\HP\Desktop\DigitalErp\backend\Repositories\ManagementRepository.cs(119,35): error CS0246: The type or namespace name 'LookupDto' could not be found (are you missing a using directive or an assembly reference?) [C:\Users\HP\Desktop\DigitalErp\backend\DigitalErp.Api.csproj]

Build FAILED.

C:\Users\HP\Desktop\DigitalErp\backend\Interfaces\IRemainingRepositories.cs(11,22): error CS0246: The type or namespace name 'LookupDto' could not be found (are you missing a using directive or an assembly reference?) [C:\Users\HP\Desktop\DigitalErp\backend\DigitalErp.Api.csproj]
C:\Users\HP\Desktop\DigitalErp\backend\Interfaces\IRemainingRepositories.cs(29,22): error CS0246: The type or namespace name 'LookupDto' could not be found (are you missing a using directive or an assembly reference?) [C:\Users\HP\Desktop\DigitalErp\backend\DigitalErp.Api.csproj]
C:\Users\HP\Desktop\DigitalErp\backend\Interfaces\IRemainingRepositories.cs(46,22): error CS0246: The type or namespace name 'LookupDto' could not be found (are you missing a using directive or an assembly reference?) [C:\Users\HP\Desktop\DigitalErp\backend\DigitalErp.Api.csproj]
C:\Users\HP\Desktop\DigitalErp\backend\Repositories\InventoryRepository.cs(76,35): error CS0246: The type or namespace name 'LookupDto' could not be found (are you missing a using directive or an assembly reference?) [C:\Users\HP\Desktop\DigitalErp\backend\DigitalErp.Api.csproj]
C:\Users\HP\Desktop\DigitalErp\backend\Repositories\InventoryRepository.cs(8,36): error CS0738: 'InventoryRepository' does not implement interface member 'IInventoryRepository.GetLookupAsync()'. 'InventoryRepository.GetLookupAsync()' cannot implement 'IInventoryRepository.GetLookupAsync()' because it does not have the matching return type of 'Task<IEnumerable<LookupDto>>'. [C:\Users\HP\Desktop\DigitalErp\backend\DigitalErp.Api.csproj]
C:\Users\HP\Desktop\DigitalErp\backend\Interfaces\IRemainingRepositories.cs(52,22): error CS0246: The type or namespace name 'LookupDto' could not be found (are you missing a using directive or an assembly reference?) [C:\Users\HP\Desktop\DigitalErp\backend\DigitalErp.Api.csproj]
C:\Users\HP\Desktop\DigitalErp\backend\Repositories\MachineRepository.cs(41,35): error CS0246: The type or namespace name 'LookupDto' could not be found (are you missing a using directive or an assembly reference?) [C:\Users\HP\Desktop\DigitalErp\backend\DigitalErp.Api.csproj]
C:\Users\HP\Desktop\DigitalErp\backend\Repositories\OutsourceRepository.cs(49,35): error CS0246: The type or namespace name 'LookupDto' could not be found (are you missing a using directive or an assembly reference?) [C:\Users\HP\Desktop\DigitalErp\backend\DigitalErp.Api.csproj]
C:\Users\HP\Desktop\DigitalErp\backend\Repositories\ManagementRepository.cs(113,35): error CS0246: The type or namespace name 'LookupDto' could not be found (are you missing a using directive or an assembly reference?) [C:\Users\HP\Desktop\DigitalErp\backend\DigitalErp.Api.csproj]
C:\Users\HP\Desktop\DigitalErp\backend\Repositories\ManagementRepository.cs(119,35): error CS0246: The type or namespace name 'LookupDto' could not be found (are you missing a using directive or an assembly reference?) [C:\Users\HP\Desktop\DigitalErp\backend\DigitalErp.Api.csproj]
    0 Warning(s)
    10 Error(s)

Time Elapsed 00:00:01.50
